---
source: tests/integration_tests.rs
expression: stdout
---
{ lib
, stdenv
, fetchFromGitHub
, fetchPnpmDeps
, nodejs
, pnpm_10
, pnpmConfigHook
}:

stdenv.mkDerivation (finalAttrs: {
  pname = "example";
  version = "1.0.0";

  src = fetchFromGitHub {
    owner = "CHANGE";
    repo = "example";
    rev = finalAttrs.version;
    sha256 = "0000000000000000000000000000000000000000000000000000";
  };

  nativeBuildInputs = [
    nodejs
    pnpmConfigHook
    pnpm_10
  ];

  pnpmDeps = fetchPnpmDeps {
    pname = "example";
    inherit (finalAttrs) version src;
    fetcherVersion = 3;
    hash = "sha256-AAAAAAAAAAAAAAAAAAAAAAAAAAAAAAAAAAAAAAAAAAA=";
  };

  meta = with lib; {
    description = "CHANGE";
    homepage = "https://github.com/CHANGE/example";
    license = licenses.mit;
    maintainers = with maintainers; [  ];
  };
})
